[0 Linux version 4.15.0-212-generic (buildd@lcy02-amd64-083) (gcc version 7.5.0 (Ubuntu 7.5.0-3ubuntu1~18.04)) #223-Ubuntu SMP Tue May 23 13UUu 4.15.0-212.223-generi5
.me: BOOT_IMolinuz-4.15.0-212-generic root=LABEL=cloudimg-rootfs ro console=tty1 console=ttyS0
[    0.000000] KERNEL supported cpus:
[    0.000000]   Intel GenuineIntel
[    0.000000]   AMD AuthenticAMD
[    0.000000]   Centaur CentaurHauls
[    0.000000] x86/fpu: Supporting XSAVE feature 0x001: 'x87 floating point registers'
[    0.000000] x86/fpu: Supporting XSAVE feature 0x002: 'SSE registers'
[    0.000000] x86/fpu: Supporting XSAVE feat 04: 'AVX registers'
[    0.000000] x86/fpu: xstate_offset[2]:  576, xstate_sizes[2]:  256
[    0.000000] x86/fpu: Enabled xstate features 0x7, context size is 832 bytes, using 'standard' format.
[    0.000000] e820: BIOS-provided physical RAM map:
[    0.000000] BIOS-e820: [mem 0x0000000000000000-0x000000000009fbff] usable
[    0.000000] BIOS-e820: [mem 0x000000000009fc00-0x00000f 0.000000] BIOS-e820: [mem 0x00000000000f0000-0x00000000000fffff] resere
[    0.000000] BIOS-e820: [mem 0x0000000000100000-0x000000003ffeffff] usable
[ .0] BIOS-e820: [mem 0x000000003fff0000-0x000000003fffffff] ACPI data
[    0.000000] BIOS-e820: [mm0x00000000fec00000-0x00000000fec00fff] reserved
[    0.000000] BIOS-e820: [mem 0x00000000fee00000-0x00000000fee00fff] reserved
[    0.000000] BIOS-e820: [mem 0x00000000fffc0000-0x00000000ffffffff] reserved
[    0.000000] NX (Execute Disable) protection: active
[    0.000000] SMBIOS 2.5 present.
[    0.000000] DMI: innotek GmbH VirtualBox/VirtualBox, BIOS VirtualBox 12/01/2006
[    0.000000] Hypervisore    0.000000] e820: last_pfn = 0x3fff0 max_arch_pfn = 0x400000000
[    0.000000] MTRR: Disabled
[    0.000000] x86/PAT: MTRRs disabled, skipping PAT initialization too.
[    0.000000] CPU MTRRs all blank - virtualized system.
[    0.000000] x86/PAT: Configuration [0-7]: WB  WT  UC- UC  WB  WT  UC- UC  
[    0.000000] found SMP MP-table at [mem 0x0009fff0-0x0009ffff]
[    0.000000] Scanning 1 areas for low memory corruption
[    0.000000] RAMDISK: [mem 0x359cb000-0x36cdcfff]
[    0.000000] ACPI: Early table checksum verification disabled
[    0.000000] ACPI: RSDP 0x00000000000E0000 000024 (v02 VBOX  )
[    0.000000] ACPI: XSDT 0x000000003FFF0030 00003C (v01 VBOX   VBOXXSDT 00000001 ASL  00000061)
[    0.000000] ACPI: FACP 0x000000003FFF00F0 0000F4 (v04 VBOX   VBOXFACP 00000001 ASL  00000061)
[    0.000000] ACPI: DSDT 0x000000003FFF0610 002353 (v02 VBOX   VBOXBIOS 00000002 INTL 20100528)
[    0.000000] ACPI: FACS 0x000000003FFF0200 000040
[    0.000000] ACPI: FACS 0x000000003FFF0200 000040
[    0.000000] ACPI: APIC 0x000000003FFF0240 00005C (v02 VBOX   VBOXAPIC 00000001 ASL  00000061)
[    0.000000] ACPI: SSDT 0x000000003FFF02A0 00036C (v01 VBOX   VBOXCPUT 00000002 INTL 20100528)
[    0.000000] ACPI: Reserving FACP table memory at [mem 0x3fff00f0-0x3fff01e3]
[    0.000000] ACPI: Reserving DSDT table memory at [mem 0x3fff0610-0x3fff2962]
[    0.000000] ACPI: Reserving FACS table memory at [mem 0x3fff0200-0x3fff023f]
[    0.000000] ACPI: Reserving FACS table memory at [memx3fff0200-0x3fff023f]
[    0.000000] ACPI: Reserving APIC table memory at [mem 0x3fff0240-0x3fff029b]
[    0.000000] ACPI: Reserving SSDT table memory at [mem 0x3fff02a0-0x3fff060b]
[    0.000000] No NUMA configuration found
[    0.000000] Faking a node at [mem 0x0000000000000000-0x000000003ffeffff]
[    0.000000] NODE_DATA(0) allocated [mem 0x3ffc5000-0x3ffeffff]
[    0.000000] kvm-clock: cpu 0, msr 0:3ff44001, primary cpu clock
[    0.000000] kvm-clock: Using msrs 4b564d01 and 4b564d00
[    0.000000] kvm-clock: using sched offset of 2999496422 cycles
[    0.000000] clocksource: kvm-clock: mask: 0xffffffffffffffff max_cycles: 0x1cd42e4dffb, max_idle_ns: 881590591483 ns
[    0.000000] Zone ranges:
[    0.000000]   DMA      [mem 0x0000000000001000-0x0000000000ffffff]
[    0.000000]   DMA32    [mem 0x0000000001000000-0x000000003ffeffff]
[    0.000000]   Normal   empty
[    0.000000]   Device   empty
[    0.000000] Movable zone start for each node
[    0.00lynode ranges
[   0000000]   node   0: [mem 0x0000000000001000-0x000000000009efff]
[    0.000000]   node   0: [mem 0x0000000000100000-0x000000003ffeffff]
[    0.000000] Reserved but unavailable: 104 pages
[    0.000000] Initmem setup node 0 [mem 0x0000000000001000-0x000000003ffeffff]
[    0.000000] ACPI: PM-Timer IO Port: 0x4008
[    0.000000] IOAPIC[0]: apic_id 2, version 32, address 0xfec00000, GSI 0-23
[    0.000000] ACPI: INT_SRC_OVR (bus 0 bus_irq 0 global_irq 2 dfl dfl)
[    0.000000] ACPI: INT_SRC_OVR (bus 0 bus_irq 9 global_irq 9 low level)
[    0.000000] Using ACPI (MADT) for SMP configuration information
[    0.0000mt: Allowing 2 CPUs, 0 hotplug CPUs
[    0.000000] PM: Registered nosave memory: [mem 0x00000000-0x00000fff]
[    0.000000] PM: Registered nosave memory: [mem 0x0009f000-0x0009ffff]
[    0.000000] PM: Registered nosave memory: [mem 0x000a0000-0x000effff]
[    0.000000] PM: Registered nosave memory: [mem 0x000f0000-0x000fffff]
[    0.000000] e820: [mem 0x40000000-0xfebfffff] available for PCI devices
[    0.000000] Booting paravirtualized kernel on KVM
[    0.000000] clocksource: refined-jiffies: mask: 0xffffffff max_cycles: 0xffffffff, max_idle_ns: 7645519600211568 ns
[    0.000000] setup_percpu: NR_CPUS:8192 nr_cpumask_bits:2 nr_cpu_ids:2 nr_node_ids:1
[    0.000000] percpu: Embedded 50 pages/cpu s167936 r8192 d28672 u1048576
[    0.000000] PV qspinlock hash table entries: 256 (order: 0, 4096 bytes)
[    0.000000] Built 1 zonelists, mobility grouping on.  Total pages: 257913
[    0.000000] Policy zone: DMA32
[    0.000000] Kernel command line: BOOT_IMAGE=/boot/vmlinuz-4.15.0-212-generic root=LABEL=cloudimg-rootfs ro console=tty1 console=ttyS0
[    0.000000] Memory: 982644K/1048120K available (12300K kernel code, 2477K rwdata, 4324K rodata, 2480K init, 2720K bss, 65476K reserved, 0K cma-reserved)
[    0.000000] SLUB: HWalign=64, Order=0-3, MinObjects=0, CPUs=2, Nodes=1
[    0.000000] ftrace: allocating 39508 entries in 155 pages
[    0.004000] Hierarchical RCU implementation.
[    0.004000] 	RCU restricting CPUs from NR_CPUS=8192 to nr_cpu_ids=2.
[    0.004000] 	Tasks RCU enabled.
[    0.004000] RCU: Adjusting geometry for rcu_fanout_leaf=16, nr_cpu_ids=2
[    0.004000] NR_IRQS: 524544, nr_irqs: 440, preallocated irqs: 16
[    0.004000] random: crng init done
[    0.004000] Console: colour VGA+ 80x25
[    0.004000] console [tty1] enabled
[    0.004000] console [ttyS0] enabled
[    0.004000] ACPI: Core revision 20170831
[    0.004000] ACPI: 2 ACPI AML tables successfully acquired and loaded
[    0.004000] APIC: Switch to symmetric I/O mode setup
[    0.004197] x2apic enabled
[    0.008004] Switched APIC routing to physical x2apic.
[    0.012881] ..TIMER: vector=0x30 apic1=0 pin1=2 apic2=-1 pin2=-1
[    0.016002] tsc: Detected 2904.002 MHz processor
[    0.020006] Calibrating delay loop (skipped) preset value.. 5808.00 BogoMIPS (lpj=11616008)
[    0.024003] pid_max: default: 32768 minimum: 301
[    0.028027] Security Framework initialized
[    0.032003] Yama: becoming mindful.
[    0.036025] AppArmor: AppArmor initialized
[    0.044007] Dentry cache hash table entries: 131072 (order: 8, 1048576 bytes)
[    0.048050] Inode-cache hash table entries: 65536 (order: 7, 524288 bytes)
[    0.052013] Mount-cache hash table entries: 2048 (order: 2, 16384 bytes)
[    0.056007] Mountpoint-cache hash table entries: 2048 (order: 2, 16384 bytes)
[    0.060242] Last level iTLB entries: 4KB 64, 2MB 8, 4MB 8
[    0.064003] Last level dTLB entries: 4KB 64, 2MB 0, 4MB 0, 1GB 4
[    0.068005] Spectre V1 : Mitigation: usercopy/swapgs barriers and __user pointer sanitization
[    0.072003] Spectre V2 : Mitigation: Retpolines
[    0.076004] Spectre V2 : Spectre v2 / SpectreRSB mitigation: Filling RSB on context switch
[    0.080004] Spectre V2 : Spectre v2 / SpectreRSB : Filling RSB on VMEXIT
[    0.084002] RETBleed: WARNING: Spectre v2 mitigation leaves CPU vulnerable to RETBleed attacks, data leaks possible!
[    0.088003] RETBleed: Vulnerable
[    0.092002] Speculative Store Bypass: Vulnerable
[    0.096031] MMIO Stale Data: Mitigation: Clear CPU buffers
[    0.100004] SRBDS: Unknown: Dependent on hypervisor status
[    0.104152] Freeing SMP alternatives memory: 36K
[    0.217634] smpboot: CPU0: Intel(R) Core(TM) i5-10400 CPU @ 2.90GHz (family: 0x6, model: 0xa5, stepping: 0x5)
[    0.220067] Performance Events: unsupported p6 CPU model 165 no PMU driver, software events only.
[    0.224054] Hierarchical SRCU implementation.
[    0.228418] NMI watchdog: Perf event create on CPU 0 failed with -2
[    0.232003] NMI watchdog: Perf NMI watchdog permanently disabled
[    0.236046] smp: Bringing up secondary CPUs ...
[    0.240090] x86: Booting SMP configuration:
[    0.244006] .... node  #0, CPUs:      #1
[    0.004000] kvm-clock: cpu 1, msr 0:3ff44041, secondary cpu clock
[    0.351129] smp: Brought up 1 node, 2 CPUs
[    0.352004] smpboot: Max logical packages: 1
[    0.356003] smpboot: Total of 2 processors activated (11616.00 BogoMIPS)
[    0.360105] devtmpfs: initialized
[    0.364041] x86/mm: Memory block size: 128MB
[    0.368106] evm: security.selinux
[    0.372003] evm: security.SMACK64
[    0.376001] evm: security.SMACK64EXEC
[    0.380001] evm: security.SMACK64TRANSMUTE
[    0.384002] evm: security.SMACK64MMAP
[    0.388003] evm: security.apparmor
[    0.392004] evm: security.ima
[    0.396004] evm: security.capability
[    0.400064] clocksource: jiffies: mask: 0xffffffff max_cycles: 0xffffffff, max_idle_ns: 7645041785100000 ns
[    0.404014] futex hash table entries: 512 (order: 3, 32768 bytes)
[    0.408056] pinctrl core: initialized pinctrl subsystem
[    0.412225] RTC time:  5:16:31, date: 10/12/23
[    0.420037] NET: Registered protocol family 16
[    0.424066] audit: initializing netlink subsys (disabled)
[    0.428038] audit: type=2000 audit(1697087783.499:1): state=initialized audit_enabled=0 res=1
[    0.516008] cpuidle: using governor ladder
[    0.520008] cpuidle: using governor menu
[    0.524041] ACPI: bus type PCI registered
[    0.528002] acpiphp: ACPI Hot Plug PCI Controller Driver version: 0.5
[    0.532086] PCI: Using configuration type 1 for base access
[    0.540035] HugeTLB registered 2.00 MiB page size, pre-allocated 0 pages
[    0.608060] ACPI: Added _OSI(Module Device)
[    0.652003] ACPI: Added _OSI(Processor Device)
[    0.696004] ACPI: Added _OSI(3.0 _SCP Extensions)
[    0.744007] ACPI: Added _OSI(Processor Aggregator Device)
[    0.800006] ACPI: Added _OSI(Linux-Dell-Video)
[    0.848010] ACPI: Added _OSI(Linux-Lenovo-NV-HDMI-Audio)
[    0.904004] ACPI: Added _OSI(Linux-HPI-Hybrid-Graphics)
[    0.956213] ACPI: Executed 1 blocks of module-level executable AML code
[    1.026392] ACPI: Interpreter enabled
[    1.064012] ACPI: (supports S0 S5)
[    1.100002] ACPI: Using IOAPIC for interrupt routing
[    1.152180] PCI: Using host bridge windows from ACPI; if necessary, use "pci=nocrs" and report a bug
[    1.248142] ACPI: Enabled 2 GPEs in block 00 to 07
[    1.301334] ACPI: PCI Root Bridge [PCI0] (domain 0000 [bus 00-ff])
[    1.364010] acpi PNP0A03:00: _OSC: OS supports [ASPM ClockPM Segments MSI]
[    1.436274] acpi PNP0A03:00: _OSC: not requesting OS control; OS requires [ExtendedConfig ASPM ClockPM MSI]
[    1.540014] acpi PNP0A03:00: fail to add MMCONFIG information, can't access extended PCI configuration space under this bridge.
[    1.668332] PCI host bridge to bus 0000:00
[    1.712004] pci_bus 0000:00: root bus resource [io  0x0000-0x0cf7 window]
[    1.784004] pci_bus 0000:00: root bus resource [io  0x0d00-0xffff window]
[    1.856012] pci_bus 0000:00: root bus resource [mem 0x000a0000-0x000bffff window]
[    1.940014] pci_bus 0000:00: root bus resource [mem 0x40000000-0xfdffffff window]
[    2.020004] pci_bus 0000:00: root bus resource [bus 00-ff]
[    2.029249] pci 0000:00:01.1: legacy IDE quirk: reg 0x10: [io  0x01f0-0x01f7]
[    2.032004] pci 0000:00:01.1: legacy IDE quirk: reg 0x14: [io  0x03f6]
[    2.036002] pci 0000:00:01.1: legacy IDE quirk: reg 0x18: [io  0x0170-0x0177]
[    2.040005] pci 0000:00:01.1: legacy IDE quirk: reg 0x1c: [io  0x0376]
[    2.055213] pci 0000:00:07.0: quirk: [io  0x4000-0x403f] claimed by PIIX4 API
[    2.056017] pci 0000:00:07.0: quirk: [io  0x4100-0x410f] claimed by PIIX4 SMB
[    2.063754] ACPI: PCI Interrupt Link [LNKA] (IRQs 5 9 10 *11)
[    2.064261] ACPI: PCI Interrupt Link [LNKB] (IRQs 5 9 *10 11)
[    2.068092] ACPI: PCI Interrupt Link [LNKC] (IRQs 5 *9 10 11)
[    2.072096] ACPI: PCI Interrupt Link [LNKD] (IRQs 5 9 10 *11)
[    2.076240] SCSI subsystem initialized
[    2.080030] pci 0000:00:02.0: vgaarb: setting as boot VGA device
[    .084000] pci 0000:00:02.0: vgaarb: VGA device added: decodes=io+mem,owns=io+mem,locks=none
[    2.084007] pci 0000:00.0: vgaarb: bridge control possible
[    2.0884vaarb: loaded
[    2.092059] ACPI: bus type USB registered
[    2.096028] usbcore: regieed new interface driver usbfs
[    2.100022] usbcore: registered new interface driver hub
[    2.104011] usbcore: registered new device driver usb
[    2.108054] EDA :00
[    2.112190] PCI: Using ACPI for IRQ routing
[    2.116205] NetLabel: Initializing
[    2.120002] NetLabel:  domain hash size = 128
[    2.124003] NetLabel:  protocols = UNLABELED CIPSOv4 CALIPSO
[    2.128018] NetLabel:  unlabeled traffic allowed by default
[    2.132052] clocksource: Switched to clocksource kvm-clock
[    2.198581] VFS: Disk quotas dquot_6.6.0
[    2.241518] VFS: Dquot-cache hash table entries: 512 (order 0, 4096 bytes)
[    2.315821] AppArmor: AppArmor Filesystem Enabled
[    2.366281] pnp: PnP ACPI init
[    2.403272] pnp: PnP ACPI: found 3 devices
[    2.457562] clocksource: acpi_pm: mask: xffffmax_cycles: 0xfffff, max_ls7 s
[    3.360110] NET: Registered protocol family 2
[    3.406218] IP idents hash table entries: 16384 (order: 5, 131072 bytes)
[    3.476853] TCP established hash table entries: 8192 (order: 4, 65536 bytes)
[    3.551753] TCP bind hash table entries: 8192 (order: 5, 131072 bytes)
[    3.619472] TCP: Hash tables configured (established 8192 bind 8192)
[    3.686558] UDP hash table entries: 512 (order: 2, 16384 bytes)
[    3.748333] UDP-Lite hash table entries: 512 (order: 2, 16384 bytes)
[    3.815323] NET: Registered protocol family 1
[    3.861489] pci 0000:00:00.0: Limiting direct PCI/PCI transfers
[    3.923726] pci 0000:00:01.0: Activating ISA DMA hang workarounds
[    4.011625] pci 0000:00:02.0: Video device with shadowed ROM at [mem 0x000c0000-0x000dffff]
[    4.109520] Unpacking initramfs...
[    4.364655] Freeing initrd memory: 19528K
[    4.409779] clocksource: tsc: mask: 0xffffffffffffffff max_cycles: 0x29dc079b5d9, max_idle_ns: 440795223751 ns
[    4.514730] platform rtc_cmos: registered platform RTC device (no PNP device found)
[    4.594103] Scanning for low memory corruption every 60 seconds
[    4.656017] Initialise system trusted keyrings
[    4.702749] Key type blacklist registered
[    4.744474] workingset: timestamp_bits=36 max_order=18 bucket_order=0
[    4.812020] zbud: loaded
[    4.838776] squashfs: version 4.0 (2009/01/31) Phillip Lougher
[    4.901261] fuse init (API version 7.26)
[    4.945404] Key type asymmetric registered
[    4.988418] Asymmetric key parser 'x509' registered
[    5.039125] Block layer SCSI generic (bsg) driver version 0.4 loaded (major 246)
[    5.116934] io scheduler noop registered
[    5.160316] io scheduler deadline registered
[    5.204815] io scheduler cfq registered (default)
[    5.253817] ACPI: AC Adapter [AC] (on-line)
[    5.297092] input: Power Button as /devices/LNXSYSTM:00/LNXPWRBN:00/input/input0
[    5.374170] ACPI: Power Button [PWRF]
[    5.412807] input: Sleep Button as /devices/LNXSYSTM:00/LNXSLPBN:00/input/input1
[    5.502700] ACPI: Sleep Button [SLPF]
[    5.541500] Serial: 8250/16550 driver, 32 ports, IRQ sharing enabled
[    5.628422] 00:02: ttyS0 at I/O 0x3f8 (irq = 4, base_baud = 115200) is a 16550A
[    5.706783] Linux agpgart interface v0.103
[    5.753403] loop: module loaded
[    5.787004] scsi host0: ata_piix
[    5.821183] scsi host1: ata_piix
[    5.857315] ata1: PATA max UDMA/33 cmd 0x1f0 ctl 0x3f6 bmdma 0xd000 irq 14
[    5.929637] ata2: PATA max UDMA/33 cmd 0x170 ctl 0x376 bmdma 0xd008 irq 15
[    6.001275] tun: Universal TUN/TAP device driver, 1.6
[    6.055762] PPP generic driver version 2.4.2
[    6.100767] ehci_hcd: USB 2.0 'Enhanced' Host Controller (EHCI) Driver
[    6.169309] ehci-pci: EHCI PCI platform driver
[    6.216461] ehci-platform: EHCI generic platform driver
[    6.270828] ohci_hcd: USB 1.1 'Open' Host Controller (OHCI) Driver
[    6.334975] ohci-pci: OHCI PCI platform driver
[    6.382797] ohci-platform: OHCI generic platform driver
[    6.437224] uhci_hcd: USB Universal Host Controller Interface driver
[    6.503225] i8042: PNP: PS/2 Controller [PNP0303:PS2K,PNP0f03:PS2M] at 0x60,0x64 irq 1,12
[    6.588664] serio: i8042 KBD port at 0x60,0x64 irq 1
[    6.640628] serio: i8042 AUX port at 0x60,0x64 irq 12
[    6.693134] mousedev: PS/2 mouse device common for all mice
[    6.752425] input: AT Translated Set 2 keyboard as /devices/platform/i8042/serio0/input/input2
[    6.843674] rtc_cmos rtc_cmos: rtc core: registered rtc_cmos as rtc0
[    01] c_cmos: alarms up to one day, 114 bytes nvram
[    7.452876] i2c /dev entries driver
[    7.489894] device-mapper: uevent: i.0.3
[    7.764757] devca: ioctl: 4.37.0-ioctl (2017-09-20) initialised:ddao 2: registered to indicate activity on CPUs
[ 171243] NET: Registered protocol family 10
[    9.369633] Segment Routing with IPv6
[    9.438092] NET: Registered protocol family 17
[    9.494568] Key type dns_resolver registered
[    9.541834] mce: Using 0 MCE banks
[    9.578631] RAS: Coreable Errors collector initialized.
[    9.757313] sched_clock: Marking stable (9757278915, 0)->(24951863908, -15194584993)
[    9.841872] reitr version 1
[00oading compiled-in X.509 certificates
[   10.626961] Loaded X.509 cert 'Build time autogenerated kernel key: b5b26778eaa3ab3a4a6cee0313706e947d12ad'
[   10.85818Loaded X.509 cert 'Canonical Ltd. Live Patch Signing: 14df34d1a87cf37625abec039ef2bf521249b969'
[   11.057160] Loaded X.509 cert 'Canonical Ltd. Kernel Module Signing: 88f752e560a1e0737e31163a466ad7b70a850c19'
[   11.161874] blacklist: Loading compiled-in revocation X.509 certificates
[   11.232502] Loaded X.509 cert 'Canonical Ltd. Secure Boot Signing: 61482aa2830d0ab2ad5af10b7250da9033ddcef0'
[   11.335684] Loaded X.509 cert 'Canonical Ltd. Secure Boot Signing (2017)2ae7ac4a15e50c4e73
[   1.18741] Loaded X.509 cert naSre Boot Signing (ESM 2018): 365188c1d374d6b07c3c8f240f8ef722433d6a8b'
[   12.691279] Loaded X.509 cert 'Canonical Ltd. Secure Boot Signing (2019): c0746fd6c5da3ae827864651ad66ae47fe24b3e8'
[   12.869732] Loaded X.509 cert 'Canonical Ltd. Secure Boot Signing (2021 v1): a8d54bbb3825cfb94fa13c9f8a594a195c107b8d'
[   12.981060] Loaded X.509 cert 'Canonical Ltd. Secure Boot Signing (2021 v2): 4cf046892d6fd3c9a5b03f98d845f90851dc6a8c'
[   13.092213] Loaded X.509 cert 'CanoniLd. Secure Boot Signing (2021 v3): 100437bb6de6e469b581e61cd66bce3ef4ed53af'
[   13.368242] Loaded X.509 cert 'Canonical Ltd. Secure Boot Signing (Ubuntu Core 2019): c1d57b8f6b743f23ee41f4f7ee292f06eecadfb9'
[   13.488525] zswap: loaded using pool lzo/z
5y_14] Key type trusted registered
[   14.880976] Key type encrypted registered
[   14.922366] AppArmor: ApAmr sha1 policy hashing enabled
[   15.108510] ima: No TPM chip found, activating TPM-bypass! (rc=-19)
[   15.173522] ima: Allocated hash algorithm: sha1
[   15.220858] evm: HMAC attrs: 0x1
[   15.254335]   Magic number: 11:174:264
[   15.293098] rtc_cmos rtc_cmos: setting system clock to 2023-10-12 05:16:49 UTC (1697087809)
[   15.381107] BIOS EDD facility v0.16 2004-Jun-25, 0 devices found
[   15.444044] EDD information not available.
[   15.488660] Freeing unused kernel image memory: 2480K
[   15.568193] Write protecting the kernel read-only data: 20480k
[   15.628805] Freeing unused kernel image memory: 2008K
[   15.697373] Freeing unused kernel image memory: 1820K
[   15.760856] x86/mm: Checked W+X mappings: passed, no W+X pages found.
Loading, please wait...
starting version 237
[   15.887723] e1000: Intel(R) PRO/1000 Network Driver - version 7.3.21-k8-NAPI
[   15.963273] e1000: Copyright (c) 1999-2006 Intel Corporation.
[   16.027109] Fusion MPT base driver 3.04.20
[   16.069821] Copyright (c) 1999-2008 LSI Corporation
[   16.132900] AVX2 version of gcm_enc/dec engaged.
[   16.181010] AES CTR mode by8 optimization enabled
[   16.230270] Fusion MPT SPI Host driver 3.04.20
[   16.326351] input: ImExPS/2 Generic Explorer Mouse as /devices/platform/i8042/serio1/input/input4
[   16.552086] e1000 0000:00:03.0 eth0: (PCI:33MHz:32-bit) 02:3b:7b:b7:3b:2d
[   16.626116] e1000 0000:00:03.0 eth0: Intel(R) PRO/1000 Network Connection
[   16.697170] mptbase: ioc0: Initiating bringup
[   16.697208] e1000 0000:00:03.0 enp0s3: renamed from eth0
[   16.901516] ioc0: LSI53C1030 A0: Capabilities={Initiator}
[   17.208420] scsi host2: ioc0: LSI53C1030 A0, FwRev=00000000h, Ports=1, MaxQ=256, IRQ=20
[   17.460457] scsi 2:0:0:0: Direct-Access     VBOX     HARDDISK         1.0  PQ: 0 ANSI: 5
[   17.572885] scsi target2:0:0: Beginning Domain Validation
[   17.631487] scsi target2:0:0: Domain Validation skipping write tests
[   17.697585] scsi target2:0:0: Ending Domain Validation
[   17.751185] scsi target2:0:0: asynchronous
[   17.793899] scsi 2:0:1:0: Direct-Access     VBOX     HARDDISK         1.0  PQ: 0 ANSI: 5
[   17.908162] scsi target2:0:1: Beginning Domain Validation
[   17.965385] scsi target2:0:1: Domain Validation skipping write tests
[   18.031372] scsi target2:0:1: Ending Domain Validation
[   18.096532] scsi target2:0:1: asynchronous
[   18.141742] sd 2:0:0:0: Attached scsi generic sg0 type 0
[   18.141877] sd 2:0:0:0: [sda] 83886080 512-byte logical blocks: (42.9 GB/40.0 GiB)
[   18.196968] sd 2:0:1:0: Attached scsi generic sg1 type 0
[   18.276037] sd 2:0:0:0: [sda] Write Protect is off
[   18.439418] sd 2:0:0:0: [sda] Incomplete mode parameter data
[   18.537843] sd 2:0:0:0: [sda] Assuming drive cache: write through
[   18.537862] sd 2:0:1:0: [sdb] 20480 512-byte logical blocks: (10.5 MB/10.0 MiB)
[   18.677181] sd 2:0:1:0: [sdb] Write Protect is off
[   18.677721]  sda: sda1
[   18.751500] sd 2:0:1:0: [sdb] Incomplete mode parameter data
[   18.751787] sd 2:0:0:0: [sda] Attached SCSI disk
[   18.810091] sd 2:0:1:0: [sdb] Assuming drive cache: write through
[   18.924331] sd 2:0:1:0: [sdb] Attached SCSI disk
Begin: Loading e[   20.300096] raid6: sse2x1   gen() 14112 MB/s
ssential drivers ... [   20.528104] raid6: sse2x1   xor()  8007 MB/s
[   20.992087] raid6: sse2x2   gen() 17351 MB/s
[   21.569901] raid6: sse2x2   xor() 11060 MB/s
[   21.660055] raid6: sse2x4   gen() 18122 MB/s
[   22.388035] raid6: sse2x4   xor() 10379 MB/s
[   23.046011] raid6: avx2x1   gen() 27434 MB/s
[   23.157751] raid6: avx2x1   xor() 19584 MB/s
[   23.382577] raid6: avx2x2   gen() 35918 MB/s
[   23.478600] raid6: avx2x2   xor() 22612 MB/s
[   24.196710] raid6: avx2x4   gen() 38905 MB/s
[   24.340743] raid6: avx2x4   xor() 24665 MB/s
[   24.387653] raid6: using algorithm avx2x4 gen() 38905 MB/s
[   24.768017] raid6: .... xor() 24665 MB/s, rmw enabled
[   25.418262] raid6: using avx2x2 recovery algorithm
[   25.474560] xor: automatically using best checksumming function   avx       
[   25.570245] async_tx: api initialized (async)
done.
Begin: Running /scripts/init-premount ... done.
Begin: Mounting root file system ... Begin: Running /scripts/local-top ... done.
Begin: Running /scripts/local-premount ... [   25.648193] Btrfs loaded, crc32c=crc32c-intel
Scanning for Btrfs filesystems
done.
Warning: fsck not present, so skipping root file system
[   25.710933] EXT4-fs (sda1): mounted filesystem with ordered data mode. Opts: (null)
done.
Begin: Running /scripts/local-bottom ... done.
Begin: Running /scripts/init-bottom ... done.
[   26.326417] ip_tables: (C) 2000-2006 Netfilter Core Team
[   26.390524] systemd[1]: systemd 237 running in system mode. (+PAM +AUDIT +SELINUX +IMA +APPARMOR +SMACK +SYSVINIT +UTMP +LIBCRYPTSETUP +GCRYPT +GNUTLS +ACL +XZ +LZ4 +SECCOMP +BLKID +ELFUTILS +KMOD -IDN2 +IDN -PCRE2 default-hierarchy=hybrid)
[   26.613892] systemd[1]: Detected virtualization oracle.
[   26.668376] systemd[1]: Detected architecture x86-64.

Welcome to [1mUbuntu 18.04.6 LTS[0m!

[   26.737114] systemd[1]: Set hostname to <ubuntu>.
[   26.788115] systemd[1]: Initializing machine ID from random generator.
[   26.855853] systemd[1]: Installed transient /etc/machine-id file.
[   27.104778] systemd[1]: Started Forward Password Requests to Wall Directory Watch.
[[0;32m  OK  [0m] Started Forward Password Requests to Wall Directory Watch.
[   27.200172] systemd[1]: Reached target Swap.
[[0;32m  OK  [0m] Reached target Swap.
[   27.256451] systemd[1]: Reached target Mounting snaps.
[[0;32m  OK  [0m] Reached target Mounting snaps.
[   27.400039] systemd[1]: Reached target Mounted snaps.
[[0;32m  OK  [0m] Reached target Mounted snaps.
[[0;32m  OK  [0m] Set up automount Arbitrary Executabâ€¦rmats File System Automount Point.
[[0;32m  OK  [0m] Reached target System Time Synchronized.
[[0;32m  OK  [0m] Reached target User and Group Name Lookups.
[[0;32m  OK  [0m] Created slice User and Session Slice.
[[0;32m  OK  [0m] Created slice System Slice.
[[0;32m  OK  [0m] Listening on udev Kernel Socket.
[[0;32m  OK  [0m] Listening on LVM2 metadata daemon socket.
[[0;32m  OK  [0m] Listening on LVM2 poll daemon socket.
[[0;32m  OK  [0m] Listening on Journal Socket.
         Starting Uncomplicated firewall...
         Mounting Kernel Debug File System...
         Starting Load Kernel Modules...
[   27.623705] Loading iSCSI transport class v2.0-870.
         Mounting Huge Pages File System...
[   27.686743] iscsi: registered transport (tcp)
         Starting Create list of required stâ€¦ce nodes for the current kernel...
[   27.745800] iscsi: registered transport (iser)
[[0;32m  OK  [0m] Listening on udev Control Socket.
         Starting udev Coldplug all Devices...
         Starting Set the console keyboard layout...
[[0;32m  OK  [0m] Listening on fsck to fsckd communication Socket.
         Starting File System Check on Root Device...
[[0;32m  OK  [0m] Listening on Journal Socket (/dev/log).
[[0;32m  OK  [0m] Listening on Syslog Socket.
[[0;32m  OK  [0m] Listening on Device-mapper event daemon FIFOs.
[[0;32m  OK  [0m] Listening on Network Service Netlink Socket.
[[0;32m  OK  [0m] Reached target Slices.
         Starting Monitoring of LVM2 mirrorsâ€¦ng dmeventd or progress polling...
[[0;32m  OK  [0m] Listening on /dev/initctl Compatibility Named Pipe.
[[0;32m  OK  [0m] Listening on Journal Audit Socket.
         Starting Journal Service...
         Mounting POSIX Message Queue File System...
[[0;32m  OK  [0m] Created slice system-serial\x2dgetty.slice.
[[0;32m  OK  [0m] Started Uncomplicated firewall.
[[0;32m  OK  [0m] Started Journal Service.
[[0;32m  OK  [0m] Mounted Kernel Debug File System.
[[0;32m  OK  [0m] Started Load Kernel Modules.
[[0;32m  OK  [0m] Mounted Huge Pages File System.
[[0;32m  OK  [0m] Started Create list of required staâ€¦vice nodes for the current kernel.
[[0;32m  OK  [0m] Started File System Check on Root Device.
[[0;32m  OK  [0m] Mounted POSIX Message Queue File System.
[[0;32m  OK  [0m] Started udev Coldplug all Devices.
[[0;32m  OK  [0m] Started File System Check Daemon to report status.
[[0;32m  OK  [0m] Started LVM2 metadata daemon.
         Starting Remount Root and Kernel File Systems...
         Starting Create Static Device Nodes in /dev...
         Mounting Kernel Configuration File System...
[   28.189172] EXT4-fs (sda1): re-mounted. Opts: (null)
         Starting Apply Kernel Variables...
         Mounting FUSE Control File System...
[[0;32m  OK  [0m] Started Monitoring of LVM2 mirrors,â€¦sing dmeventd or progress polling.
[[0;32m  OK  [0m] Started Remount Root and Kernel File Systems.
[[0;32m  OK  [0m] Started Create Static Device Nodes in /dev.
[[0;32m  OK  [0m] Mounted Kernel Configuration File System.
[[0;32m  OK  [0m] Started Apply Kernel Variables.
[[0;32m  OK  [0m] Mounted FUSE Control File System.
         Starting Flush Journal to Persistent Storage...
         Starting Load/Save Random Seed...
         Starting udev Kernel Device Manager...
[[0;32m  OK  [0m] Started Load/Save Random Seed.
[[0;32m  OK  [0m] Started udev Kernel Device Manager.
[[0;32m  OK  [0m] Started Flush Journal to Persistent Storage.
[[0;32m  OK  [0m] Started Set the console keyboard layout.
[[0;32m  OK  [0m] Started Dispatch Password Requests to Console Directory Watch.
[[0;32m  OK  [0m] Reached target Local Encrypted Volumes.
[[0;32m  OK  [0m] Reached target Local File Systems (Pre).
[[0;32m  OK  [0m] Reached target Local File Systems.
         Starting Set console font and keymap...
         Starting Create Volatile Files and Directories...
         Starting Commit a transient machine-id on disk...
         Starting Tell Plymouth To Write Out Runtime Data...
         Starting AppArmor initialization...
         Starting ebtables ruleset management...
[[0;32m  OK  [0m] Started Create Volatile Files and Directories.
[[0;32m  OK  [0m] Started Tell Plymouth To Write Out Runtime Data.
[[0;32m  OK  [0m] Found device /dev/ttyS0.
[[0;32m  OK  [0m] Started Commit a transient machine-id on disk.
[[0;32m  OK  [0m] Listening on Load/Save RF Kill Switch Status /dev/rfkill Watch.
         Starting Update UTMP about System Boot/Shutdown...
[[0;32m  OK  [0m] Started Update UTMP about System Boot/Shutdown.
[[0;32m  OK  [0m] Started ebtables ruleset management.
         Mounting Arbitrary Executable File Formats File System...
[[0;32m  OK  [0m] Mounted Arbitrary Executable File Formats File System.
[[0;32m  OK  [0m] Started AppArmor initialization.
         Starting Initial cloud-init job (pre-networking)...
         Starting Load AppArmor profiles managed internally by snapd...
[[0;32m  OK  [0m] Started Load AppArmor profiles managed internally by snapd.
[[0;32m  OK  [0m] Started Set console font and keymap.
[   30.332879] cloud-init[754]: Cloud-init v. 23.1.2-0ubuntu0~18.04.1 running 'init-local' at Thu, 12 Oct 2023 05:17:04 +0000. Up 30.10 seconds.
[[0;32m  OK  [0m] Started Initial cloud-init job (pre-networking).
[[0;32m  OK  [0m] Reached target Network (Pre).
         Starting Network Service...
[[0;32m  OK  [0m] Started Network Service.
         Starting Wait for Network to be Configured...
         Starting Network Name Resolution...
[[0;32m  OK  [0m] Started Network Name Resolution.
[[0;32m  OK  [0m] Reached target Host and Network Name Lookups.
[[0;32m  OK  [0m] Reached target Network.
[[0;32m  OK  [0m] Started Wait for Network to be Configured.
         Starting Initial cloud-init job (metadata service crawler)...
[   32.146462] cloud-init[926]: Cloud-init v. 23.1.2-0ubuntu0~18.04.1 running 'init' at Thu, 12 Oct 2023 05:17:06 +0000. Up 32.05 seconds.
[   32.164151] cloud-init[926]: ci-info: ++++++++++++++++++++++++++++++++++++++Net device info++++++++++++++++++++++++++++++++++++++
[   32.180830] cloud-init[926]: ci-info: +--------+------+----------------------------+---------------+--------+-------------------+
[   32.196102] cloud-init[926]: ci-info: | Device |  Up  |          Address           |      Mask     | Scope  |     Hw-Address    |
[   32.212547] cloud-init[926]: ci-info: +--------+------+----------------------------+---------------+--------+-------------------+
[   32.228160] cloud-init[926]: ci-info: | enp0s3 | True |         10.0.2.15          | 255.255.255.0 | global | 02:3b:7b:b7:3b:2d |
[   32.244957] cloud-init[926]: ci-info: | enp0s3 | True | fe80::3b:7bff:feb7:3b2d/64 |       .       |  link  | 02:3b:7b:b7:3b:2d |
[   32.264145] cloud-init[926]: ci-info: |   lo   | True |         127.0.0.1          |   255.0.0.0   |  host  |         .         |
[   32.284143] cloud-init[926]: ci-info: |   lo   | True |          ::1/128           |       .       |  host  |         .         |
[   32.301699] cloud-init[926]: ci-info: +--------+------+----------------------------+---------------+--------+-------------------+
[   32.324134] cloud-init[926]: ci-info: ++++++++++++++++++++++++++++Route IPv4 info+++++++++++++++++++++++++++++
[   32.340286] cloud-init[926]: ci-info: +-------+-------------+----------+-----------------+-----------+-------+
[   32.356146] cloud-init[926]: ci-info: | Route | Destination | Gateway  |     Genmask     | Interface | Flags |
[   32.387499] cloud-init[926]: ci-info: +-------+-------------+----------+-----------------+-----------+-------+
[   32.408874] cloud-init[926]: ci-info: |   0   |   0.0.0.0   | 10.0.2.2 |     0.0.0.0     |   enp0s3  |   UG  |
[   32.425586] cloud-init[926]: ci-info: |   1   |   10.0.2.0  | 0.0.0.0  |  255.255.255.0  |   enp0s3  |   U   |
[   32.444624] cloud-init[926]: ci-info: |   2   |   10.0.2.2  | 0.0.0.0  | 255.255.255.255 |   enp0s3  |   UH  |
[   32.460534] cloud-init[926]: ci-info: +-------+-------------+----------+-----------------+-----------+-------+
[   32.476112] cloud-init[926]: ci-info: +++++++++++++++++++Route IPv6 info+++++++++++++++++++
[   32.492743] cloud-init[926]: ci-info: +-------+-------------+---------+-----------+-------+
[   32.508319] cloud-init[926]: ci-info: | Route | Destination | Gateway | Interface | Flags |
[   32.524389] cloud-init[926]: ci-info: +-------+-------------+---------+-----------+-------+
[   32.540116] cloud-init[926]: ci-info: |   1   |  fe80::/64  |    ::   |   enp0s3  |   U   |
[   32.556778] cloud-init[926]: ci-info: |   3   |    local    |    ::   |   enp0s3  |   U   |
[   32.572705] cloud-init[926]: ci-info: |   4   |   ff00::/8  |    ::   |   enp0s3  |   U   |
[   32.592105] cloud-init[926]: ci-info: +-------+-------------+---------+-----------+-------+
[   32.764331] cloud-init[926]: Generating public/private rsa key pair.
[   32.793144] cloud-init[926]: Your identification has been saved in /etc/ssh/ssh_host_rsa_key.
[[0;32m  OK  [0m] Started Initial cloud-init job (metadata service crawler).
[   32.808339] cloud-init[926]: Your public key has been saved in /etc/ssh/ssh_host_rsa_key.pub.
[[0;32m  OK  [0m] Reached target Network is Online.
[   32.844794] cloud-init[926]: The key fingerprint is:
[   32.861416] cloud-init[926]: SHA256:eusI8cJ0sZD4up0lqzMz2nLqRiaVIuNlCc7jPSlCaQU root@ubuntu-bionic
[   32.861470] cloud-init[926]: The key's randomart image is:
         Starting Availability of block devices...
[[   32.861520] cloud-init[926]: +---[RSA 2048]----+
[0;32m  OK  [0m] Reached target Remote File Systems (Pre).
[   32.884910] cloud-init[926]: | E.              |
[   32.900869] cloud-init[926]: | . o .           |
[[0;32m  OK  [0m] Reached target Remote File Systems.
[   32.900912] cloud-init[926]: |o =.+ .          |
[[0;32m  OK  [0m[   32.933511] ] cloud-initReached target System Initialization.[926]: |+Bo= . o         |

[   32.933582] cloud-init[926]: |*+= = o S        |
[[   32.972177] cloud-init[926]: |o* B + .         |
[0;32m  OK  [0m[   32.972255] ] cloud-initStarted Discard unused blocks once a week.[926]: 
|= o * + .        |
[[0;32m  OK  [0m] Listening on D-Bus System Message Bus Socket.
[   32.992995] cloud-init[926]: |.o*o B o .       |
[[0;32m  OK  [0m] Listening on UUID daemon activation socket.
[   33.024699] cloud-init[926]: |=*+*+ ..o        |
[[0;32m  OK  [0m] Listening on ACPID Listen Socket.
[   33.036872] cloud-init[926]: +----[SHA256]-----+
         [   33.068991] Starting Socket activation for snappy daemon.cloud-init
[926]: Generating public/private dsa key pair.
[   33.088113] cloud-init[926]: Your identification has been saved in /etc/ssh/ssh_host_dsa_key.
[[   33.088160] [0;32m  OK  [0mcloud-init] [926]: Listening on cloud-init hotplug hook socket.Your public key has been saved in /etc/ssh/ssh_host_dsa_key.pub.

         [   33.112112] Starting LXD - unix socket.cloud-init
[926]: The key fingerprint is:
[[0;32m  OK  [0m] Listening on Open-iSCSI iscsid Socket.
[   33.128853] cloud-init[926]: SHA256:3q6m6eL573BaP9/rcFQvhySJwB4GqEFmNi2ol4pycCs root@ubuntu-bionic
[[0;32m  OK  [0m] Started Daily Cleanup of Temporary Directories.
[   33.156889] cloud-init[926]: The key's randomart image is:
[   33.192870] cloud-init[926]: +---[DSA 1024]----+
[[   33.192916] [0;32m  OK  [0mcloud-init] [926]: Started Message of the Day.| o*. ..o.        |

[[0;32m  OK  [0m] [   33.358338] Started ACPI Events Check.cloud-init[926]: 
|.+o.o   +. . .   |
[[0;32m  OK  [0m] Reached target Paths.
[   33.376837] cloud-init[926]: |.  =   o .. o . .|
[[   33.396317] cloud-init[926]: |o =     .    o o.|
[0;32m  OK  [0m[   33.396682] ] Started Ubuntu Advantage Timer for running repeated jobs.cloud-init[926]: 
|.= .    S     + o|
[[   33.522435] [0;32m  OK  [0mcloud-init[926]: ] |E o    . .   . o |
Started Daily apt download activities.[   33.522667] cloud-init
[926]: |.o    . + . . .  |
[[   33.797133] [0;32m  OK  [0mcloud-init] [926]: Started Daily apt upgrade and clean activities.|    .. *.o.  +   |

[[   33.816515] [0;32m  OK  [0mcloud-init] [926]: Reached target Timers.|   .o+*=+.oo..+. |

[[   33.832224] cloud-init[926]: +----[SHA256]-----+
[0;32m  OK  [0m[   33.832302] ] cloud-initReached target Cloud-config availability.[926]: 
Generating public/private ecdsa key pair.
[[   33.856885] cloud-init[926]: Your identification has been saved in /etc/ssh/ssh_host_ecdsa_key.
[0;32m  OK  [0m] [   33.856945] Started Availability of block devices.cloud-init
[926]: Your public key has been saved in /etc/ssh/ssh_host_ecdsa_key.pub.
[[   33.888203] [0;32m  OK  [0mcloud-init] [926]: The key fingerprint is:
Listening on Socket activation for snappy daemon.
[   33.888255] cloud-init[926]: SHA256:gxwPPMmxjN5wqr4S0hm3Dqs0pvG8t3JtJ9vFusEBw3Y root@ubuntu-bionic
[   33.925480] cloud-init[926]: The key's randomart image is:
[   33.925543] cloud-init[926]: +---[ECDSA 256]---+
[[0;32m  OK  [0m] Listening on LXD - unix socket.
[   33.925587] cloud-init[926]: |      .          |
[   33.961947] cloud-init[926]: |     * +         |
[[   33.961993] [0;32m  OK  [0mcloud-init] [926]: Reached target Sockets.|    o / E        |

[[   33.980957] [0;32m  OK  [0mcloud-init] [926]: Reached target Basic System.|  ...B X         |

[[   33.996757] [0;32m  OK  [0mcloud-init] [926]: Started FUSE filesystem for LXC.| . +o.+ S        |

         [   34.016780] Starting Accounts Service...cloud-init
[926]: |o +..  . +       |
[   34.040604] cloud-init[926]: |o=.+ .  o o      |
[[0;32m  OK  [0m] Started Regular background program processing daemon.
[   34.040646] cloud-init[926]: |==+ + +..+       |
[   34.064098] cloud-init[926]: |oo**.o.++.       |
[   34.064177] cloud-init[926]: +----[SHA256]-----+
         Starting Pollinate to seed the pseudo random number generator...
[   34.064214] cloud-init[926]: Generating public/private ed25519 key pair.
[   34.100561] cloud-init[926]: Your identification has been saved in /etc/ssh/ssh_host_ed25519_key.
[   34.100646] cloud-init[926]: Your public key has been saved in /etc/ssh/ssh_host_ed25519_key.pub.
         Starting LSB: Record successful boot for GRUB...
[   34.100688] cloud-init[926]: The key fingerprint is:
         Starting LXD - container startup/shutdown...
[   34.136593] cloud-init[926]: SHA256:l7txNu0OMw6k3039SlxBXySW9e1GPS2QzKj22pUWfnk root@ubuntu-bionic
         Starting System Logging Service...
[   34.165629] cloud-init[926]: The key's randomart image is:
[[   34.192238] [0;32m  OK  [0mcloud-init] [926]: +--[ED25519 256]--+
Started Deferred execution scheduler.
[   34.192322] cloud-init[926]: |           +..o=+|
[   34.224485] cloud-init[926]: |          . +oo.B|
[   34.236351] cloud-init[926]: |         .    .oB|
[   34.248661] cloud-init[926]: |        o  ..  +o|
[   34.260674] cloud-init[926]: |       .S.+. o .+|
[   34.276373] cloud-init[926]: |         +..=oo+E|
[[   34.294649] cloud-init[926]: |        .o+oB.=..|
[   34.294764] cloud-init[926]: |        ...O X  .|
[   34.295109] cloud-init[926]: |          o o.=..|
[   34.295142] cloud-init[926]: +----[SHA256]-----+
[0;32m  OK  [0m] Started irqbalance daemon.
[[0;32m  OK  [0m] Started D-Bus System Message Bus.
         Starting Dispatcher daemon for systemd-networkd...
         Starting Permit User Sessions...
[[0;32m  OK  [0m] Reached target Login Prompts (Pre).
         Starting LSB: automatic crash report generation...
         Starting Login Service...
         Starting Virtualbox guest utils...
         Starting Snap Daemon...
[[0;32m  OK  [0m] Started System Logging Service.
[[0;32m  OK  [0m] Started Dispatcher daemon for systemd-networkd.
[[0;32m  OK  [0m] Started LXD - container startup/shutdown.
[[0;32m  OK  [0m] Started Permit User Sessions.
[[0;32m  OK  [0m] Started Login Service.
[[0;32m  OK  [0m] Started LSB: automatic crash report generation.
[[0;32m  OK  [0m] Started Unattended Upgrades Shutdown.
         Starting Authorization Manager...
         Starting Hold until boot process finishes up...
         Starting Terminate Plymouth Boot Screen...
[[0;32m  OK  [0m] Started Hold until boot process finishes up.
[[0;32m  OK  [0m] Started Terminate Plymouth Boot Screen.
[[0;32m  OK  [0m] Started LSB: Record successful boot for GRUB.
[[0;32m  OK  [0m] Started Authorization Manager.
[[0;32m  OK  [0m] Started Accounts Service.
         Starting Set console scheme...
[[0;32m  OK  [0m] Started Serial Getty on ttyS0.
[[0;32m  OK  [0m] Started Virtualbox guest utils.
[[0;32m  OK  [0m] Started Set console scheme.
[[0;32m  OK  [0m] Created slice system-getty.slice.
[[0;32m  OK  [0m] Started Getty on tty1.
[[0;32m  OK  [0m] Reached target Login Prompts.
[[0;32m  OK  [0m] Started Snap Daemon.
         Starting Wait until snapd is fully seeded...
         Starting Time & Date Service...
[[0;32m  OK  [0m] Started Time & Date Service.

Ubuntu 18.04.6 LTS ubuntu-bionic ttyS0

ubuntu-bionic login: [   50.028372] cloud-init[2199]: Cloud-init v. 23.1.2-0ubuntu0~18.04.1 running 'modules:config' at Thu, 12 Oct 2023 05:17:23 +0000. Up 49.79 seconds.
ci-info: no authorized SSH keys fingerprints found for user ubuntu.
<14>Oct 12 05:17:24 cloud-init: #############################################################
<14>Oct 12 05:17:24 cloud-init: -----BEGIN SSH HOST KEY FINGERPRINTS-----
<14>Oct 12 05:17:24 cloud-init: 1024 SHA256:3q6m6eL573BaP9/rcFQvhySJwB4GqEFmNi2ol4pycCs root@ubuntu-bionic (DSA)
<14>Oct 12 05:17:24 cloud-init: 256 SHA256:gxwPPMmxjN5wqr4S0hm3Dqs0pvG8t3JtJ9vFusEBw3Y root@ubuntu-bionic (ECDSA)
<14>Oct 12 05:17:24 cloud-init: 256 SHA256:l7txNu0OMw6k3039SlxBXySW9e1GPS2QzKj22pUWfnk root@ubuntu-bionic (ED25519)
<14>Oct 12 05:17:24 cloud-init: 2048 SHA256:eusI8cJ0sZD4up0lqzMz2nLqRiaVIuNlCc7jPSlCaQU root@ubuntu-bionic (RSA)
<14>Oct 12 05:17:24 cloud-init: -----END SSH HOST KEY FINGERPRINTS-----
<14>Oct 12 05:17:24 cloud-init: #############################################################
-----BEGIN SSH HOST KEY KEYS-----
ecdsa-sha2-nistp256 AAAAE2VjZHNhLXNoYTItbmlzdHAyNTYAAAAIbmlzdHAyNTYAAABBBOJO7f1p2HD9VtRFtoAD8pU2P40iskk/0U/1AKxeB6whcrlHTIKqA2VjM17lZvwjM8zqnQ9Bfe+Oxx/TXsq4xDk= root@ubuntu-bionic
ssh-ed25519 AAAAC3NzaC1lZDI1NTE5AAAAIHLxF20AGU2sqy2sMdybt8os2mKLgId/ZjW57l8NGLrH root@ubuntu-bionic
ssh-rsa AAAAB3NzaC1yc2EAAAADAQABAAABAQDKpnE8yQ4EOwVns0pv+xwB6/6D2uvzM/8xzVJJyAjJX1At0+ImoxdxwVXvxZKuZzT6FO70/CYkjJSiCxrrys4r8ukXN4OYIcDfN/s79SvztuaUqTMO+sG9Y32kRClgPUQydjkE8biGWKAvQGt89fU4F5I4ztOwtWLP9udgFz7wEFdIAYtJIKjNFjLjwShBeTXBdNf1vivQbQFCxBZ0c9UYrgrGvmMXaCmRAEuWzPDg81I/hrxmpioh6njluPxM496UyjN1WcGpjL1VPfirVUZV3mvs9bieaWJv0ylMtOGJBIq4vGyyc7Q/8XatPuBaoDi3E4fyTEAdSu9dZHAbnGtx root@ubuntu-bionic
-----END SSH HOST KEY KEYS-----
[   50.439574] cloud-init[2244]: Cloud-init v. 23.1.2-0ubuntu0~18.04.1 running 'modules:final' at Thu, 12 Oct 2023 05:17:24 +0000. Up 50.33 seconds.
[   50.439649] cloud-init[2244]: Cloud-init v. 23.1.2-0ubuntu0~18.04.1 finished at Thu, 12 Oct 2023 05:17:24 +0000. Datasource DataSourceNoCloud [seed=/dev/sdb][dsmode=net].  Up 50.43 seconds
